[core-career-clone.lovable.app/index.html]
[core-career-clone.lovable.app/assets/portrait-DXwS8Iqu.webp]
[backblue.gif]
[fade.gif]
[index.html]
[core-career-clone.lovable.app/assets/styles-Da0QClHY.css]
[pub-bb2e103a32db4e198524a2e9ed8f35b4.r2.dev/a2ac3edb-1364-428d-978a-148ad7e29ba1/id-preview-23123d0f--a08887b0-42a3-405c-8b94-f0948ae57eb8.lovable.app-1785779083426.png]
[core-career-clone.lovable.app/assets/index-DhnPyBUy.js]
[core-career-clone.lovable.app/assets/routes-xF4m6oEo.js]
[core-career-clone.lovable.app/favicon.ico]
[core-career-clone.lovable.app/_flock.js]
[core-career-clone.lovable.app/cv/Bakhtiyor_Nuraliev_CV.pdf]
[core-career-clone.lovable.app/assets/office-BW8prAwL.webp]
[core-career-clone.lovable.app/assets/project-ios-03duQznm.webp]
[core-career-clone.lovable.app/assets/project-web-6ZuaCeTO.webp]
[core-career-clone.lovable.app/index.html]
[core-career-clone.lovable.app/assets/styles-Da0QClHY.css]
[core-career-clone.lovable.app/cv/Bakhtiyor_Nuraliev_CV.html]
